saved aiCost-number-space-dark.png 3351B
saved aiCost-line-space-dark.png 2775B
saved aiCost-bar-space-dark.png 3420B
saved aiCost-heatmap-space-dark.png 5880B
saved aiCost-table-space-dark.png 6969B
saved aiTokens-number-space-dark.png 3819B
saved aiTokens-line-space-dark.png 4919B
saved aiTokens-bar-space-dark.png 2928B
saved aiTokens-heatmap-space-dark.png 5880B
saved aiTokens-table-space-dark.png 4338B
saved aiSessions-number-space-dark.png 3105B
saved aiSessions-heatmap-space-dark.png 5880B
saved aiSessions-line-space-dark.png 793B
saved aiSessions-table-space-dark.png 5256B
saved aiSessions-timeline-space-dark.png 3586B
saved aiCost-number-space-light.png 3470B
saved aiCost-line-space-light.png 2769B
saved aiCost-bar-space-light.png 3564B
saved aiCost-heatmap-space-light.png 10756B
saved aiCost-table-space-light.png 7183B
saved aiTokens-number-space-light.png 3932B
saved aiTokens-line-space-light.png 4917B
saved aiTokens-bar-space-light.png 2960B
saved aiTokens-heatmap-space-light.png 10756B
saved aiTokens-table-space-light.png 4349B
saved aiSessions-number-space-light.png 3232B
saved aiSessions-heatmap-space-light.png 10756B
saved aiSessions-line-space-light.png 780B
saved aiSessions-table-space-light.png 5420B
saved aiSessions-timeline-space-light.png 3668B
FORM MATRIX SCREENSHOTS DONE: 30 shots
