saved aiCost-number-ready.png 3351B
saved aiCost-number-empty.png 4249B
saved aiCost-number-error.png 5298B
saved aiCost-number-loading.png 3083B
saved aiCost-number-unpriced.png 3351B
saved aiTokens-number-ready.png 3819B
saved aiTokens-number-empty.png 4249B
saved aiTokens-number-error.png 5298B
saved aiTokens-number-loading.png 3083B
saved aiTokens-number-unpriced.png 3819B
saved aiSessions-number-ready.png 3105B
saved aiSessions-number-empty.png 4249B
saved aiSessions-number-error.png 5298B
saved aiSessions-number-loading.png 3083B
saved aiSessions-number-unpriced.png 3105B
saved aiCost-line-empty.png 4249B
saved aiTokens-line-empty.png 4249B
saved aiCost-line-error.png 5298B
saved aiTokens-line-error.png 5298B
saved aiCost-line-loading.png 3083B
saved aiTokens-line-loading.png 3083B
STATE MATRIX SCREENSHOTS DONE: 21 shots
