> npm run typecheck && npm run lint && npm run build && npm run perf:bundle
> tsc --noEmit
> eslint src/ && node scripts/i18n-check.mjs && node scripts/check-hardcoded-colors.mjs
✅ i18n keys in sync: 2550 zh = 2550 en
✅ Hardcoded colors: no new violations (329 grandfathered in 40 files)
   12 file(s) improved — run with --update-baseline to lock in the progress.
> next build
   ▲ Next.js 15.5.19
   Creating an optimized production build ...
 ✓ Compiled successfully in 5.5s
   Linting and checking validity of types ...
   Collecting page data ...
   Generating static pages (0/14) ...
   Generating static pages (3/14) 
   Generating static pages (6/14) 
   Generating static pages (10/14) 
 ✓ Generating static pages (14/14)
   Finalizing page optimization ...
   Collecting build traces ...
   Exporting (0/2) ...
 ✓ Exporting (2/2)
Route (app)                                 Size  First Load JS
┌ ○ /                                    10.7 kB         195 kB
├ ○ /_not-found                            132 B         110 kB
├ ○ /ai                                  17.2 kB         201 kB
├ ○ /capabilities                        20.7 kB         212 kB
├ ○ /files                               32.2 kB         214 kB
├ ○ /icon.svg                                0 B            0 B
├ ○ /jobs                                16.9 kB         209 kB
├ ○ /library                             14.5 kB         197 kB
├ ○ /modules                               221 B         110 kB
├ ○ /store                                 222 B         110 kB
└ ○ /tools                               2.64 kB         185 kB
+ First Load JS shared by all             110 kB
  ├ chunks/31255-50b2f85f43f0c522.js     46.1 kB
  ├ chunks/4bd1b696-bad92808725a934a.js  54.2 kB
  └ other shared chunks (total)          9.55 kB
○  (Static)  prerendered as static content
> node scripts/perf/check-bundle.mjs
/page: 219.0 KB gzip (ok, budget 350 KB)
/modules/page: 206.9 KB gzip (ok, budget 350 KB)
/files/page: 238.2 KB gzip (ok, budget 350 KB)
 ⚠ The Next.js plugin was not detected in your ESLint configuration. See https://nextjs.org/docs/app/api-reference/config/eslint#migrating-existing-config
