> npm run daemon:bundle && tauri build --config src-tauri/tauri.bundle.conf.json
> bash scripts/daemon/prepare-sidecar.sh
> next build
   ▲ Next.js 15.5.19
   Creating an optimized production build ...
 ✓ Compiled successfully in 5.4s
   Linting and checking validity of types ...
   Collecting page data ...
   Generating static pages (0/14) ...
   Generating static pages (3/14) 
   Generating static pages (6/14) 
   Generating static pages (10/14) 
 ✓ Generating static pages (14/14)
   Finalizing page optimization ...
   Collecting build traces ...
   Exporting (0/2) ...
 ✓ Exporting (2/2)
Route (app)                                 Size  First Load JS
┌ ○ /                                    10.7 kB         195 kB
├ ○ /_not-found                            132 B         110 kB
├ ○ /ai                                  17.2 kB         201 kB
├ ○ /capabilities                        20.7 kB         212 kB
├ ○ /files                               32.2 kB         214 kB
├ ○ /icon.svg                                0 B            0 B
├ ○ /jobs                                16.9 kB         209 kB
├ ○ /library                             14.5 kB         197 kB
├ ○ /modules                               221 B         110 kB
├ ○ /store                                 222 B         110 kB
└ ○ /tools                               2.64 kB         185 kB
+ First Load JS shared by all             110 kB
  ├ chunks/31255-50b2f85f43f0c522.js     46.1 kB
  ├ chunks/4bd1b696-bad92808725a934a.js  54.2 kB
  └ other shared chunks (total)          9.55 kB
○  (Static)  prerendered as static content
    Finished `release` profile [optimized] target(s) in 0.51s
        Info Looking up installed tauri packages to check mismatched versions...
     Running beforeBuildCommand `npm run build`
 ⚠ The Next.js plugin was not detected in your ESLint configuration. See https://nextjs.org/docs/app/api-reference/config/eslint#migrating-existing-config
   Compiling natives v0.1.0 (/Users/ldh/Downloads/project/AiNative/Natives/src-tauri)
    Finished `release` profile [optimized] target(s) in 1m 14s
       Built application at: /Users/ldh/Downloads/project/AiNative/Natives/target/release/natives
    Bundling Natives.app (/Users/ldh/Downloads/project/AiNative/Natives/target/release/bundle/macos/Natives.app)
    Bundling Natives_0.1.0_aarch64.dmg (/Users/ldh/Downloads/project/AiNative/Natives/target/release/bundle/dmg/Natives_0.1.0_aarch64.dmg)
     Running bundle_dmg.sh
    Finished 2 bundles at:
        /Users/ldh/Downloads/project/AiNative/Natives/target/release/bundle/macos/Natives.app
        /Users/ldh/Downloads/project/AiNative/Natives/target/release/bundle/dmg/Natives_0.1.0_aarch64.dmg
